------------------------------------------------------------
TimeQuest Timing Analyzer Summary
------------------------------------------------------------

Type  : Slow Model Setup 'enet_clk_div'
Slack : -5.020
TNS   : -868.353

Type  : Slow Model Setup 'CLOCK_50'
Slack : 2.443
TNS   : 0.000

Type  : Slow Model Hold 'CLOCK_50'
Slack : -2.173
TNS   : -2.173

Type  : Slow Model Hold 'enet_clk_div'
Slack : 0.391
TNS   : 0.000

Type  : Slow Model Minimum Pulse Width 'CLOCK_50'
Slack : -1.222
TNS   : -2.222

Type  : Slow Model Minimum Pulse Width 'enet_clk_div'
Slack : -0.500
TNS   : -449.000

Type  : Fast Model Setup 'enet_clk_div'
Slack : -1.759
TNS   : -203.634

Type  : Fast Model Setup 'CLOCK_50'
Slack : 1.560
TNS   : 0.000

Type  : Fast Model Hold 'CLOCK_50'
Slack : -1.180
TNS   : -1.180

Type  : Fast Model Hold 'enet_clk_div'
Slack : 0.215
TNS   : 0.000

Type  : Fast Model Minimum Pulse Width 'CLOCK_50'
Slack : -1.222
TNS   : -2.222

Type  : Fast Model Minimum Pulse Width 'enet_clk_div'
Slack : -0.500
TNS   : -449.000

------------------------------------------------------------
