Analysis & Synthesis report for Do_An
Fri Apr 03 15:49:55 2026
Quartus II 64-Bit Version 13.0.1 Build 232 06/12/2013 Service Pack 1 SJ Web Edition


---------------------
; Table of Contents ;
---------------------
  1. Legal Notice
  2. Analysis & Synthesis Summary
  3. Analysis & Synthesis Settings
  4. Parallel Compilation
  5. Analysis & Synthesis Source Files Read
  6. Analysis & Synthesis Resource Usage Summary
  7. Analysis & Synthesis Resource Utilization by Entity
  8. State Machine - |de2_dm9000_top|sdram:u_sdram|state_q
  9. State Machine - |de2_dm9000_top|sdram:u_sdram|delay_state_q
 10. State Machine - |de2_dm9000_top|sdram:u_sdram|target_state_q
 11. State Machine - |de2_dm9000_top|eth_to_sdram_bridge:u_bridge|state
 12. State Machine - |de2_dm9000_top|dm9000_core:u_core|state
 13. State Machine - |de2_dm9000_top|dm9000_bus_if:u_bus|state
 14. Registers Removed During Synthesis
 15. Removed Registers Triggering Further Register Optimizations
 16. General Register Statistics
 17. Inverted Register Statistics
 18. Multiplexer Restructuring Statistics (Restructuring Performed)
 19. Parameter Settings for User Entity Instance: sdram:u_sdram
 20. Port Connectivity Checks: "sdram:u_sdram"
 21. Port Connectivity Checks: "dm9000_core:u_core"
 22. Elapsed Time Per Partition
 23. Analysis & Synthesis Messages
 24. Analysis & Synthesis Suppressed Messages



----------------
; Legal Notice ;
----------------
Copyright (C) 1991-2013 Altera Corporation
Your use of Altera Corporation's design tools, logic functions 
and other software and tools, and its AMPP partner logic 
functions, and any output files from any of the foregoing 
(including device programming or simulation files), and any 
associated documentation or information are expressly subject 
to the terms and conditions of the Altera Program License 
Subscription Agreement, Altera MegaCore Function License 
Agreement, or other applicable license agreement, including, 
without limitation, that your use is for the sole purpose of 
programming logic devices manufactured by Altera and sold by 
Altera or its authorized distributors.  Please refer to the 
applicable agreement for further details.



+--------------------------------------------------------------------------------------+
; Analysis & Synthesis Summary                                                         ;
+------------------------------------+-------------------------------------------------+
; Analysis & Synthesis Status        ; Successful - Fri Apr 03 15:49:54 2026           ;
; Quartus II 64-Bit Version          ; 13.0.1 Build 232 06/12/2013 SP 1 SJ Web Edition ;
; Revision Name                      ; Do_An                                           ;
; Top-level Entity Name              ; de2_dm9000_top                                  ;
; Family                             ; Cyclone II                                      ;
; Total logic elements               ; 673                                             ;
;     Total combinational functions  ; 497                                             ;
;     Dedicated logic registers      ; 450                                             ;
; Total registers                    ; 450                                             ;
; Total pins                         ; 75                                              ;
; Total virtual pins                 ; 0                                               ;
; Total memory bits                  ; 0                                               ;
; Embedded Multiplier 9-bit elements ; 0                                               ;
; Total PLLs                         ; 0                                               ;
+------------------------------------+-------------------------------------------------+


+----------------------------------------------------------------------------------------------------------------------+
; Analysis & Synthesis Settings                                                                                        ;
+----------------------------------------------------------------------------+--------------------+--------------------+
; Option                                                                     ; Setting            ; Default Value      ;
+----------------------------------------------------------------------------+--------------------+--------------------+
; Device                                                                     ; EP2C35F672C6       ;                    ;
; Top-level entity name                                                      ; de2_dm9000_top     ; Do_An              ;
; Family name                                                                ; Cyclone II         ; Cyclone IV GX      ;
; Use smart compilation                                                      ; Off                ; Off                ;
; Enable parallel Assembler and TimeQuest Timing Analyzer during compilation ; On                 ; On                 ;
; Enable compact report table                                                ; Off                ; Off                ;
; Restructure Multiplexers                                                   ; Auto               ; Auto               ;
; Create Debugging Nodes for IP Cores                                        ; Off                ; Off                ;
; Preserve fewer node names                                                  ; On                 ; On                 ;
; Disable OpenCore Plus hardware evaluation                                  ; Off                ; Off                ;
; Verilog Version                                                            ; Verilog_2001       ; Verilog_2001       ;
; VHDL Version                                                               ; VHDL_1993          ; VHDL_1993          ;
; State Machine Processing                                                   ; Auto               ; Auto               ;
; Safe State Machine                                                         ; Off                ; Off                ;
; Extract Verilog State Machines                                             ; On                 ; On                 ;
; Extract VHDL State Machines                                                ; On                 ; On                 ;
; Ignore Verilog initial constructs                                          ; Off                ; Off                ;
; Iteration limit for constant Verilog loops                                 ; 5000               ; 5000               ;
; Iteration limit for non-constant Verilog loops                             ; 250                ; 250                ;
; Add Pass-Through Logic to Inferred RAMs                                    ; On                 ; On                 ;
; Infer RAMs from Raw Logic                                                  ; On                 ; On                 ;
; Parallel Synthesis                                                         ; On                 ; On                 ;
; DSP Block Balancing                                                        ; Auto               ; Auto               ;
; NOT Gate Push-Back                                                         ; On                 ; On                 ;
; Power-Up Don't Care                                                        ; On                 ; On                 ;
; Remove Redundant Logic Cells                                               ; Off                ; Off                ;
; Remove Duplicate Registers                                                 ; On                 ; On                 ;
; Ignore CARRY Buffers                                                       ; Off                ; Off                ;
; Ignore CASCADE Buffers                                                     ; Off                ; Off                ;
; Ignore GLOBAL Buffers                                                      ; Off                ; Off                ;
; Ignore ROW GLOBAL Buffers                                                  ; Off                ; Off                ;
; Ignore LCELL Buffers                                                       ; Off                ; Off                ;
; Ignore SOFT Buffers                                                        ; On                 ; On                 ;
; Limit AHDL Integers to 32 Bits                                             ; Off                ; Off                ;
; Optimization Technique                                                     ; Balanced           ; Balanced           ;
; Carry Chain Length                                                         ; 70                 ; 70                 ;
; Auto Carry Chains                                                          ; On                 ; On                 ;
; Auto Open-Drain Pins                                                       ; On                 ; On                 ;
; Perform WYSIWYG Primitive Resynthesis                                      ; Off                ; Off                ;
; Auto ROM Replacement                                                       ; On                 ; On                 ;
; Auto RAM Replacement                                                       ; On                 ; On                 ;
; Auto Shift Register Replacement                                            ; Auto               ; Auto               ;
; Allow Shift Register Merging across Hierarchies                            ; Auto               ; Auto               ;
; Auto Clock Enable Replacement                                              ; On                 ; On                 ;
; Strict RAM Replacement                                                     ; Off                ; Off                ;
; Allow Synchronous Control Signals                                          ; On                 ; On                 ;
; Force Use of Synchronous Clear Signals                                     ; Off                ; Off                ;
; Auto RAM to Logic Cell Conversion                                          ; Off                ; Off                ;
; Auto Resource Sharing                                                      ; Off                ; Off                ;
; Allow Any RAM Size For Recognition                                         ; Off                ; Off                ;
; Allow Any ROM Size For Recognition                                         ; Off                ; Off                ;
; Allow Any Shift Register Size For Recognition                              ; Off                ; Off                ;
; Use LogicLock Constraints during Resource Balancing                        ; On                 ; On                 ;
; Ignore translate_off and synthesis_off directives                          ; Off                ; Off                ;
; Timing-Driven Synthesis                                                    ; Off                ; Off                ;
; Report Parameter Settings                                                  ; On                 ; On                 ;
; Report Source Assignments                                                  ; On                 ; On                 ;
; Report Connectivity Checks                                                 ; On                 ; On                 ;
; Ignore Maximum Fan-Out Assignments                                         ; Off                ; Off                ;
; Synchronization Register Chain Length                                      ; 2                  ; 2                  ;
; PowerPlay Power Optimization                                               ; Normal compilation ; Normal compilation ;
; HDL message level                                                          ; Level2             ; Level2             ;
; Suppress Register Optimization Related Messages                            ; Off                ; Off                ;
; Number of Removed Registers Reported in Synthesis Report                   ; 5000               ; 5000               ;
; Number of Swept Nodes Reported in Synthesis Report                         ; 5000               ; 5000               ;
; Number of Inverted Registers Reported in Synthesis Report                  ; 100                ; 100                ;
; Clock MUX Protection                                                       ; On                 ; On                 ;
; Auto Gated Clock Conversion                                                ; Off                ; Off                ;
; Block Design Naming                                                        ; Auto               ; Auto               ;
; SDC constraint protection                                                  ; Off                ; Off                ;
; Synthesis Effort                                                           ; Auto               ; Auto               ;
; Shift Register Replacement - Allow Asynchronous Clear Signal               ; On                 ; On                 ;
; Pre-Mapping Resynthesis Optimization                                       ; Off                ; Off                ;
; Analysis & Synthesis Message Level                                         ; Medium             ; Medium             ;
; Disable Register Merging Across Hierarchies                                ; Auto               ; Auto               ;
; Resource Aware Inference For Block RAM                                     ; On                 ; On                 ;
; Synthesis Seed                                                             ; 1                  ; 1                  ;
+----------------------------------------------------------------------------+--------------------+--------------------+


Parallel compilation was disabled, but you have multiple processors available. Enable parallel compilation to reduce compilation time.
+-------------------------------------+
; Parallel Compilation                ;
+----------------------------+--------+
; Processors                 ; Number ;
+----------------------------+--------+
; Number detected on machine ; 12     ;
; Maximum allowed            ; 1      ;
+----------------------------+--------+


+-----------------------------------------------------------------------------------------------------------------------------------------------+
; Analysis & Synthesis Source Files Read                                                                                                        ;
+----------------------------------+-----------------+------------------------------+-------------------------------------------------+---------+
; File Name with User-Entered Path ; Used in Netlist ; File Type                    ; File Name with Absolute Path                    ; Library ;
+----------------------------------+-----------------+------------------------------+-------------------------------------------------+---------+
; eth_to_sdram_bridge.v            ; yes             ; User Verilog HDL File        ; D:/MonHoc_HK6/CE213/Do_An/eth_to_sdram_bridge.v ;         ;
; dm9000_core.v                    ; yes             ; User Verilog HDL File        ; D:/MonHoc_HK6/CE213/Do_An/dm9000_core.v         ;         ;
; dm9000_bus_if.v                  ; yes             ; User Verilog HDL File        ; D:/MonHoc_HK6/CE213/Do_An/dm9000_bus_if.v       ;         ;
; de2_dm9000_top.v                 ; yes             ; User Verilog HDL File        ; D:/MonHoc_HK6/CE213/Do_An/de2_dm9000_top.v      ;         ;
; sdram.v                          ; yes             ; Auto-Found Verilog HDL File  ; D:/MonHoc_HK6/CE213/Do_An/sdram.v               ;         ;
+----------------------------------+-----------------+------------------------------+-------------------------------------------------+---------+


+------------------------------------------------------------+
; Analysis & Synthesis Resource Usage Summary                ;
+---------------------------------------------+--------------+
; Resource                                    ; Usage        ;
+---------------------------------------------+--------------+
; Estimated Total logic elements              ; 673          ;
;                                             ;              ;
; Total combinational functions               ; 497          ;
; Logic element usage by number of LUT inputs ;              ;
;     -- 4 input functions                    ; 212          ;
;     -- 3 input functions                    ; 109          ;
;     -- <=2 input functions                  ; 176          ;
;                                             ;              ;
; Logic elements by mode                      ;              ;
;     -- normal mode                          ; 422          ;
;     -- arithmetic mode                      ; 75           ;
;                                             ;              ;
; Total registers                             ; 450          ;
;     -- Dedicated logic registers            ; 450          ;
;     -- I/O registers                        ; 0            ;
;                                             ;              ;
; I/O pins                                    ; 75           ;
; Embedded Multiplier 9-bit elements          ; 0            ;
; Maximum fan-out node                        ; enet_clk_div ;
; Maximum fan-out                             ; 452          ;
; Total fan-out                               ; 3329         ;
; Average fan-out                             ; 3.26         ;
+---------------------------------------------+--------------+


+-------------------------------------------------------------------------------------------------------------------------------------------------------------------------------------------------------------+
; Analysis & Synthesis Resource Utilization by Entity                                                                                                                                                         ;
+-----------------------------------+-------------------+--------------+-------------+--------------+---------+-----------+------+--------------+----------------------------------------------+--------------+
; Compilation Hierarchy Node        ; LC Combinationals ; LC Registers ; Memory Bits ; DSP Elements ; DSP 9x9 ; DSP 18x18 ; Pins ; Virtual Pins ; Full Hierarchy Name                          ; Library Name ;
+-----------------------------------+-------------------+--------------+-------------+--------------+---------+-----------+------+--------------+----------------------------------------------+--------------+
; |de2_dm9000_top                   ; 497 (1)           ; 450 (1)      ; 0           ; 0            ; 0       ; 0         ; 75   ; 0            ; |de2_dm9000_top                              ; work         ;
;    |dm9000_bus_if:u_bus|          ; 56 (56)           ; 68 (68)      ; 0           ; 0            ; 0       ; 0         ; 0    ; 0            ; |de2_dm9000_top|dm9000_bus_if:u_bus          ; work         ;
;    |dm9000_core:u_core|           ; 109 (109)         ; 65 (65)      ; 0           ; 0            ; 0       ; 0         ; 0    ; 0            ; |de2_dm9000_top|dm9000_core:u_core           ; work         ;
;    |eth_to_sdram_bridge:u_bridge| ; 114 (114)         ; 125 (125)    ; 0           ; 0            ; 0       ; 0         ; 0    ; 0            ; |de2_dm9000_top|eth_to_sdram_bridge:u_bridge ; work         ;
;    |sdram:u_sdram|                ; 217 (217)         ; 191 (191)    ; 0           ; 0            ; 0       ; 0         ; 0    ; 0            ; |de2_dm9000_top|sdram:u_sdram                ; work         ;
+-----------------------------------+-------------------+--------------+-------------+--------------+---------+-----------+------+--------------+----------------------------------------------+--------------+
Note: For table entries with two numbers listed, the numbers in parentheses indicate the number of resources of the given type used by the specific entity alone. The numbers listed outside of parentheses indicate the total resources of the given type used by the specific entity and all of its sub-entities in the hierarchy.


Encoding Type:  One-Hot
+-----------------------------------------------------------------------------------------------------------------------------------------------------------------------------------------------------------------------------------------------------------------+
; State Machine - |de2_dm9000_top|sdram:u_sdram|state_q                                                                                                                                                                                                           ;
+-------------------------+-----------------------+-------------------------+----------------------+----------------------+-------------------------+--------------------+------------------------+--------------------+---------------------+--------------------+
; Name                    ; state_q.STATE_REFRESH ; state_q.STATE_PRECHARGE ; state_q.STATE_WRITE1 ; state_q.STATE_WRITE0 ; state_q.STATE_READ_WAIT ; state_q.STATE_READ ; state_q.STATE_ACTIVATE ; state_q.STATE_IDLE ; state_q.STATE_DELAY ; state_q.STATE_INIT ;
+-------------------------+-----------------------+-------------------------+----------------------+----------------------+-------------------------+--------------------+------------------------+--------------------+---------------------+--------------------+
; state_q.STATE_INIT      ; 0                     ; 0                       ; 0                    ; 0                    ; 0                       ; 0                  ; 0                      ; 0                  ; 0                   ; 0                  ;
; state_q.STATE_DELAY     ; 0                     ; 0                       ; 0                    ; 0                    ; 0                       ; 0                  ; 0                      ; 0                  ; 1                   ; 1                  ;
; state_q.STATE_IDLE      ; 0                     ; 0                       ; 0                    ; 0                    ; 0                       ; 0                  ; 0                      ; 1                  ; 0                   ; 1                  ;
; state_q.STATE_ACTIVATE  ; 0                     ; 0                       ; 0                    ; 0                    ; 0                       ; 0                  ; 1                      ; 0                  ; 0                   ; 1                  ;
; state_q.STATE_READ      ; 0                     ; 0                       ; 0                    ; 0                    ; 0                       ; 1                  ; 0                      ; 0                  ; 0                   ; 1                  ;
; state_q.STATE_READ_WAIT ; 0                     ; 0                       ; 0                    ; 0                    ; 1                       ; 0                  ; 0                      ; 0                  ; 0                   ; 1                  ;
; state_q.STATE_WRITE0    ; 0                     ; 0                       ; 0                    ; 1                    ; 0                       ; 0                  ; 0                      ; 0                  ; 0                   ; 1                  ;
; state_q.STATE_WRITE1    ; 0                     ; 0                       ; 1                    ; 0                    ; 0                       ; 0                  ; 0                      ; 0                  ; 0                   ; 1                  ;
; state_q.STATE_PRECHARGE ; 0                     ; 1                       ; 0                    ; 0                    ; 0                       ; 0                  ; 0                      ; 0                  ; 0                   ; 1                  ;
; state_q.STATE_REFRESH   ; 1                     ; 0                       ; 0                    ; 0                    ; 0                       ; 0                  ; 0                      ; 0                  ; 0                   ; 1                  ;
+-------------------------+-----------------------+-------------------------+----------------------+----------------------+-------------------------+--------------------+------------------------+--------------------+---------------------+--------------------+


Encoding Type:  One-Hot
+-----------------------------------------------------------------------------------------------------------------------------------------------------------------------------------------------------------------------------------------------------------------------------------------------------------------------------------+
; State Machine - |de2_dm9000_top|sdram:u_sdram|delay_state_q                                                                                                                                                                                                                                                                       ;
+-------------------------------+-----------------------------+-------------------------------+----------------------------+----------------------------+-------------------------------+--------------------------+------------------------------+--------------------------+---------------------------+--------------------------+
; Name                          ; delay_state_q.STATE_REFRESH ; delay_state_q.STATE_PRECHARGE ; delay_state_q.STATE_WRITE1 ; delay_state_q.STATE_WRITE0 ; delay_state_q.STATE_READ_WAIT ; delay_state_q.STATE_READ ; delay_state_q.STATE_ACTIVATE ; delay_state_q.STATE_INIT ; delay_state_q.STATE_DELAY ; delay_state_q.STATE_IDLE ;
+-------------------------------+-----------------------------+-------------------------------+----------------------------+----------------------------+-------------------------------+--------------------------+------------------------------+--------------------------+---------------------------+--------------------------+
; delay_state_q.STATE_IDLE      ; 0                           ; 0                             ; 0                          ; 0                          ; 0                             ; 0                        ; 0                            ; 0                        ; 0                         ; 0                        ;
; delay_state_q.STATE_DELAY     ; 0                           ; 0                             ; 0                          ; 0                          ; 0                             ; 0                        ; 0                            ; 0                        ; 1                         ; 1                        ;
; delay_state_q.STATE_INIT      ; 0                           ; 0                             ; 0                          ; 0                          ; 0                             ; 0                        ; 0                            ; 1                        ; 0                         ; 1                        ;
; delay_state_q.STATE_ACTIVATE  ; 0                           ; 0                             ; 0                          ; 0                          ; 0                             ; 0                        ; 1                            ; 0                        ; 0                         ; 1                        ;
; delay_state_q.STATE_READ      ; 0                           ; 0                             ; 0                          ; 0                          ; 0                             ; 1                        ; 0                            ; 0                        ; 0                         ; 1                        ;
; delay_state_q.STATE_READ_WAIT ; 0                           ; 0                             ; 0                          ; 0                          ; 1                             ; 0                        ; 0                            ; 0                        ; 0                         ; 1                        ;
; delay_state_q.STATE_WRITE0    ; 0                           ; 0                             ; 0                          ; 1                          ; 0                             ; 0                        ; 0                            ; 0                        ; 0                         ; 1                        ;
; delay_state_q.STATE_WRITE1    ; 0                           ; 0                             ; 1                          ; 0                          ; 0                             ; 0                        ; 0                            ; 0                        ; 0                         ; 1                        ;
; delay_state_q.STATE_PRECHARGE ; 0                           ; 1                             ; 0                          ; 0                          ; 0                             ; 0                        ; 0                            ; 0                        ; 0                         ; 1                        ;
; delay_state_q.STATE_REFRESH   ; 1                           ; 0                             ; 0                          ; 0                          ; 0                             ; 0                        ; 0                            ; 0                        ; 0                         ; 1                        ;
+-------------------------------+-----------------------------+-------------------------------+----------------------------+----------------------------+-------------------------------+--------------------------+------------------------------+--------------------------+---------------------------+--------------------------+


Encoding Type:  One-Hot
+---------------------------------------------------------------------------------------------------------------------------------------------------+
; State Machine - |de2_dm9000_top|sdram:u_sdram|target_state_q                                                                                      ;
+------------------------------+-----------------------------+---------------------------+---------------------------+------------------------------+
; Name                         ; target_state_q.STATE_WRITE0 ; target_state_q.STATE_READ ; target_state_q.STATE_IDLE ; target_state_q.STATE_REFRESH ;
+------------------------------+-----------------------------+---------------------------+---------------------------+------------------------------+
; target_state_q.STATE_IDLE    ; 0                           ; 0                         ; 0                         ; 0                            ;
; target_state_q.STATE_READ    ; 0                           ; 1                         ; 1                         ; 0                            ;
; target_state_q.STATE_WRITE0  ; 1                           ; 0                         ; 1                         ; 0                            ;
; target_state_q.STATE_REFRESH ; 0                           ; 0                         ; 1                         ; 1                            ;
+------------------------------+-----------------------------+---------------------------+---------------------------+------------------------------+


Encoding Type:  One-Hot
+------------------------------------------------------------------------------------------------------------------------------------------------------------+
; State Machine - |de2_dm9000_top|eth_to_sdram_bridge:u_bridge|state                                                                                         ;
+--------------------+------------------+-------------------+-------------------+--------------------+--------------------+-------------------+--------------+
; Name               ; state.S_WB_WRITE ; state.S_FETCH_PX1 ; state.S_FETCH_PX0 ; state.S_HDR_CRC_LO ; state.S_HDR_CRC_HI ; state.S_HDR_MAGIC ; state.S_IDLE ;
+--------------------+------------------+-------------------+-------------------+--------------------+--------------------+-------------------+--------------+
; state.S_IDLE       ; 0                ; 0                 ; 0                 ; 0                  ; 0                  ; 0                 ; 0            ;
; state.S_HDR_MAGIC  ; 0                ; 0                 ; 0                 ; 0                  ; 0                  ; 1                 ; 1            ;
; state.S_HDR_CRC_HI ; 0                ; 0                 ; 0                 ; 0                  ; 1                  ; 0                 ; 1            ;
; state.S_HDR_CRC_LO ; 0                ; 0                 ; 0                 ; 1                  ; 0                  ; 0                 ; 1            ;
; state.S_FETCH_PX0  ; 0                ; 0                 ; 1                 ; 0                  ; 0                  ; 0                 ; 1            ;
; state.S_FETCH_PX1  ; 0                ; 1                 ; 0                 ; 0                  ; 0                  ; 0                 ; 1            ;
; state.S_WB_WRITE   ; 1                ; 0                 ; 0                 ; 0                  ; 0                  ; 0                 ; 1            ;
+--------------------+------------------+-------------------+-------------------+--------------------+--------------------+-------------------+--------------+


Encoding Type:  One-Hot
+------------------------------------------------------------------------------------------------------------------------------------------------------------------------------------------------------------------------------------------------------------------------------------------------------------------------------------------------------------------------------------------+
; State Machine - |de2_dm9000_top|dm9000_core:u_core|state                                                                                                                                                                                                                                                                                                                                 ;
+-------------------+-----------------+-----------------+-------------------+-------------------+-----------------+-----------------+-----------------+-------------------+-------------------+------------------+--------------+----------------+----------------+----------------+----------------+-----------------+-----------------+-----------------+-----------------+--------------+
; Name              ; state.S_CLR_ISR ; state.S_RX_DATA ; state.S_RX_LENGTH ; state.S_RX_STATUS ; state.S_TX_WAIT ; state.S_TX_KICK ; state.S_TX_PUSH ; state.S_TX_LEN_HI ; state.S_TX_LEN_LO ; state.S_POLL_NSR ; state.S_IDLE ; state.S_WR_IMR ; state.S_WR_RCR ; state.S_WR_NCR ; state.S_WR_GPR ; state.S_WR_GPCR ; state.S_RD_PIDH ; state.S_RD_PIDL ; state.S_RD_VIDH ; state.S_BOOT ;
+-------------------+-----------------+-----------------+-------------------+-------------------+-----------------+-----------------+-----------------+-------------------+-------------------+------------------+--------------+----------------+----------------+----------------+----------------+-----------------+-----------------+-----------------+-----------------+--------------+
; state.S_BOOT      ; 0               ; 0               ; 0                 ; 0                 ; 0               ; 0               ; 0               ; 0                 ; 0                 ; 0                ; 0            ; 0              ; 0              ; 0              ; 0              ; 0               ; 0               ; 0               ; 0               ; 0            ;
; state.S_RD_VIDH   ; 0               ; 0               ; 0                 ; 0                 ; 0               ; 0               ; 0               ; 0                 ; 0                 ; 0                ; 0            ; 0              ; 0              ; 0              ; 0              ; 0               ; 0               ; 0               ; 1               ; 1            ;
; state.S_RD_PIDL   ; 0               ; 0               ; 0                 ; 0                 ; 0               ; 0               ; 0               ; 0                 ; 0                 ; 0                ; 0            ; 0              ; 0              ; 0              ; 0              ; 0               ; 0               ; 1               ; 0               ; 1            ;
; state.S_RD_PIDH   ; 0               ; 0               ; 0                 ; 0                 ; 0               ; 0               ; 0               ; 0                 ; 0                 ; 0                ; 0            ; 0              ; 0              ; 0              ; 0              ; 0               ; 1               ; 0               ; 0               ; 1            ;
; state.S_WR_GPCR   ; 0               ; 0               ; 0                 ; 0                 ; 0               ; 0               ; 0               ; 0                 ; 0                 ; 0                ; 0            ; 0              ; 0              ; 0              ; 0              ; 1               ; 0               ; 0               ; 0               ; 1            ;
; state.S_WR_GPR    ; 0               ; 0               ; 0                 ; 0                 ; 0               ; 0               ; 0               ; 0                 ; 0                 ; 0                ; 0            ; 0              ; 0              ; 0              ; 1              ; 0               ; 0               ; 0               ; 0               ; 1            ;
; state.S_WR_NCR    ; 0               ; 0               ; 0                 ; 0                 ; 0               ; 0               ; 0               ; 0                 ; 0                 ; 0                ; 0            ; 0              ; 0              ; 1              ; 0              ; 0               ; 0               ; 0               ; 0               ; 1            ;
; state.S_WR_RCR    ; 0               ; 0               ; 0                 ; 0                 ; 0               ; 0               ; 0               ; 0                 ; 0                 ; 0                ; 0            ; 0              ; 1              ; 0              ; 0              ; 0               ; 0               ; 0               ; 0               ; 1            ;
; state.S_WR_IMR    ; 0               ; 0               ; 0                 ; 0                 ; 0               ; 0               ; 0               ; 0                 ; 0                 ; 0                ; 0            ; 1              ; 0              ; 0              ; 0              ; 0               ; 0               ; 0               ; 0               ; 1            ;
; state.S_IDLE      ; 0               ; 0               ; 0                 ; 0                 ; 0               ; 0               ; 0               ; 0                 ; 0                 ; 0                ; 1            ; 0              ; 0              ; 0              ; 0              ; 0               ; 0               ; 0               ; 0               ; 1            ;
; state.S_POLL_NSR  ; 0               ; 0               ; 0                 ; 0                 ; 0               ; 0               ; 0               ; 0                 ; 0                 ; 1                ; 0            ; 0              ; 0              ; 0              ; 0              ; 0               ; 0               ; 0               ; 0               ; 1            ;
; state.S_TX_LEN_LO ; 0               ; 0               ; 0                 ; 0                 ; 0               ; 0               ; 0               ; 0                 ; 1                 ; 0                ; 0            ; 0              ; 0              ; 0              ; 0              ; 0               ; 0               ; 0               ; 0               ; 1            ;
; state.S_TX_LEN_HI ; 0               ; 0               ; 0                 ; 0                 ; 0               ; 0               ; 0               ; 1                 ; 0                 ; 0                ; 0            ; 0              ; 0              ; 0              ; 0              ; 0               ; 0               ; 0               ; 0               ; 1            ;
; state.S_TX_PUSH   ; 0               ; 0               ; 0                 ; 0                 ; 0               ; 0               ; 1               ; 0                 ; 0                 ; 0                ; 0            ; 0              ; 0              ; 0              ; 0              ; 0               ; 0               ; 0               ; 0               ; 1            ;
; state.S_TX_KICK   ; 0               ; 0               ; 0                 ; 0                 ; 0               ; 1               ; 0               ; 0                 ; 0                 ; 0                ; 0            ; 0              ; 0              ; 0              ; 0              ; 0               ; 0               ; 0               ; 0               ; 1            ;
; state.S_TX_WAIT   ; 0               ; 0               ; 0                 ; 0                 ; 1               ; 0               ; 0               ; 0                 ; 0                 ; 0                ; 0            ; 0              ; 0              ; 0              ; 0              ; 0               ; 0               ; 0               ; 0               ; 1            ;
; state.S_RX_STATUS ; 0               ; 0               ; 0                 ; 1                 ; 0               ; 0               ; 0               ; 0                 ; 0                 ; 0                ; 0            ; 0              ; 0              ; 0              ; 0              ; 0               ; 0               ; 0               ; 0               ; 1            ;
; state.S_RX_LENGTH ; 0               ; 0               ; 1                 ; 0                 ; 0               ; 0               ; 0               ; 0                 ; 0                 ; 0                ; 0            ; 0              ; 0              ; 0              ; 0              ; 0               ; 0               ; 0               ; 0               ; 1            ;
; state.S_RX_DATA   ; 0               ; 1               ; 0                 ; 0                 ; 0               ; 0               ; 0               ; 0                 ; 0                 ; 0                ; 0            ; 0              ; 0              ; 0              ; 0              ; 0               ; 0               ; 0               ; 0               ; 1            ;
; state.S_CLR_ISR   ; 1               ; 0               ; 0                 ; 0                 ; 0               ; 0               ; 0               ; 0                 ; 0                 ; 0                ; 0            ; 0              ; 0              ; 0              ; 0              ; 0               ; 0               ; 0               ; 0               ; 1            ;
+-------------------+-----------------+-----------------+-------------------+-------------------+-----------------+-----------------+-----------------+-------------------+-------------------+------------------+--------------+----------------+----------------+----------------+----------------+-----------------+-----------------+-----------------+-----------------+--------------+


Encoding Type:  One-Hot
+-------------------------------------------------------------------------------------------------------------------------------------------------------------------------------------------------+
; State Machine - |de2_dm9000_top|dm9000_bus_if:u_bus|state                                                                                                                                       ;
+--------------------+-------------------+--------------------+--------------------+-------------------+-------------------+--------------+-------------------+--------------------+--------------+
; Name               ; state.S_DATA_READ ; state.S_DATA_WRITE ; state.S_DATA_SETUP ; state.S_IDX_PULSE ; state.S_IDX_SETUP ; state.S_IDLE ; state.S_RESET_REL ; state.S_RESET_HOLD ; state.S_DONE ;
+--------------------+-------------------+--------------------+--------------------+-------------------+-------------------+--------------+-------------------+--------------------+--------------+
; state.S_RESET_HOLD ; 0                 ; 0                  ; 0                  ; 0                 ; 0                 ; 0            ; 0                 ; 0                  ; 0            ;
; state.S_RESET_REL  ; 0                 ; 0                  ; 0                  ; 0                 ; 0                 ; 0            ; 1                 ; 1                  ; 0            ;
; state.S_IDLE       ; 0                 ; 0                  ; 0                  ; 0                 ; 0                 ; 1            ; 0                 ; 1                  ; 0            ;
; state.S_IDX_SETUP  ; 0                 ; 0                  ; 0                  ; 0                 ; 1                 ; 0            ; 0                 ; 1                  ; 0            ;
; state.S_IDX_PULSE  ; 0                 ; 0                  ; 0                  ; 1                 ; 0                 ; 0            ; 0                 ; 1                  ; 0            ;
; state.S_DATA_SETUP ; 0                 ; 0                  ; 1                  ; 0                 ; 0                 ; 0            ; 0                 ; 1                  ; 0            ;
; state.S_DATA_WRITE ; 0                 ; 1                  ; 0                  ; 0                 ; 0                 ; 0            ; 0                 ; 1                  ; 0            ;
; state.S_DATA_READ  ; 1                 ; 0                  ; 0                  ; 0                 ; 0                 ; 0            ; 0                 ; 1                  ; 0            ;
; state.S_DONE       ; 0                 ; 0                  ; 0                  ; 0                 ; 0                 ; 0            ; 0                 ; 1                  ; 1            ;
+--------------------+-------------------+--------------------+--------------------+-------------------+-------------------+--------------+-------------------+--------------------+--------------+


+----------------------------------------------------------------------------------------------------------+
; Registers Removed During Synthesis                                                                       ;
+-----------------------------------------------+----------------------------------------------------------+
; Register name                                 ; Reason for Removal                                       ;
+-----------------------------------------------+----------------------------------------------------------+
; eth_to_sdram_bridge:u_bridge|wb_cyc_o         ; Merged with eth_to_sdram_bridge:u_bridge|wb_stb_o        ;
; eth_to_sdram_bridge:u_bridge|wb_we_o          ; Merged with eth_to_sdram_bridge:u_bridge|wb_stb_o        ;
; eth_to_sdram_bridge:u_bridge|wb_sel_o[0..3]   ; Merged with eth_to_sdram_bridge:u_bridge|wb_stb_o        ;
; dm9000_core:u_core|tx_words_left[0..14]       ; Merged with dm9000_core:u_core|tx_words_left[15]         ;
; sdram:u_sdram|dqm_buffer_q[0]                 ; Merged with sdram:u_sdram|dqm_buffer_q[1]                ;
; sdram:u_sdram|dqm_q[1]                        ; Merged with sdram:u_sdram|dqm_q[0]                       ;
; eth_to_sdram_bridge:u_bridge|next_wb_addr[1]  ; Merged with eth_to_sdram_bridge:u_bridge|next_wb_addr[0] ;
; dm9000_core:u_core|bus_req_reg_addr[7]        ; Merged with dm9000_core:u_core|bus_req_reg_addr[6]       ;
; dm9000_core:u_core|bus_req_wdata[8,9,11..15]  ; Merged with dm9000_core:u_core|bus_req_wdata[10]         ;
; dm9000_core:u_core|bus_req_wdata[7]           ; Merged with dm9000_core:u_core|bus_req_wdata[1]          ;
; dm9000_core:u_core|bus_req_wdata[6]           ; Merged with dm9000_core:u_core|bus_req_wdata[2]          ;
; dm9000_bus_if:u_bus|reg_latched[7]            ; Merged with dm9000_bus_if:u_bus|reg_latched[6]           ;
; dm9000_bus_if:u_bus|wdata_latched[8,9,11..15] ; Merged with dm9000_bus_if:u_bus|wdata_latched[10]        ;
; dm9000_bus_if:u_bus|wdata_latched[7]          ; Merged with dm9000_bus_if:u_bus|wdata_latched[1]         ;
; dm9000_bus_if:u_bus|wdata_latched[6]          ; Merged with dm9000_bus_if:u_bus|wdata_latched[2]         ;
; dm9000_bus_if:u_bus|data_out[8,9,11..15]      ; Merged with dm9000_bus_if:u_bus|data_out[10]             ;
; dm9000_core:u_core|bus_req_wdata[4,5]         ; Merged with dm9000_core:u_core|bus_req_wdata[3]          ;
; dm9000_bus_if:u_bus|wdata_latched[4,5]        ; Merged with dm9000_bus_if:u_bus|wdata_latched[3]         ;
; sdram:u_sdram|command_q[3]                    ; Stuck at GND due to stuck port data_in                   ;
; dm9000_core:u_core|tx_words_left[15]          ; Stuck at GND due to stuck port data_in                   ;
; dm9000_core:u_core|bus_req_wdata[1]           ; Merged with dm9000_core:u_core|bus_req_reg_addr[6]       ;
; dm9000_bus_if:u_bus|wdata_latched[1]          ; Merged with dm9000_bus_if:u_bus|reg_latched[6]           ;
; dm9000_bus_if:u_bus|cmd_latched[1]            ; Lost fanout                                              ;
; eth_to_sdram_bridge:u_bridge|next_wb_addr[0]  ; Stuck at GND due to stuck port data_in                   ;
; sdram:u_sdram|state_q~4                       ; Lost fanout                                              ;
; sdram:u_sdram|state_q~5                       ; Lost fanout                                              ;
; sdram:u_sdram|state_q~6                       ; Lost fanout                                              ;
; sdram:u_sdram|state_q~7                       ; Lost fanout                                              ;
; sdram:u_sdram|delay_state_q~4                 ; Lost fanout                                              ;
; sdram:u_sdram|delay_state_q~5                 ; Lost fanout                                              ;
; sdram:u_sdram|delay_state_q~6                 ; Lost fanout                                              ;
; sdram:u_sdram|delay_state_q~7                 ; Lost fanout                                              ;
; sdram:u_sdram|target_state_q~5                ; Lost fanout                                              ;
; sdram:u_sdram|target_state_q~6                ; Lost fanout                                              ;
; sdram:u_sdram|target_state_q~7                ; Lost fanout                                              ;
; eth_to_sdram_bridge:u_bridge|state~11         ; Lost fanout                                              ;
; eth_to_sdram_bridge:u_bridge|state~12         ; Lost fanout                                              ;
; eth_to_sdram_bridge:u_bridge|state~13         ; Lost fanout                                              ;
; dm9000_core:u_core|state~24                   ; Lost fanout                                              ;
; dm9000_core:u_core|state~25                   ; Lost fanout                                              ;
; dm9000_core:u_core|state~26                   ; Lost fanout                                              ;
; dm9000_core:u_core|state~27                   ; Lost fanout                                              ;
; dm9000_core:u_core|state~28                   ; Lost fanout                                              ;
; dm9000_core:u_core|state~29                   ; Lost fanout                                              ;
; dm9000_core:u_core|state~30                   ; Lost fanout                                              ;
; dm9000_core:u_core|state~31                   ; Lost fanout                                              ;
; dm9000_bus_if:u_bus|state~13                  ; Lost fanout                                              ;
; dm9000_bus_if:u_bus|state~14                  ; Lost fanout                                              ;
; dm9000_bus_if:u_bus|state~15                  ; Lost fanout                                              ;
; dm9000_core:u_core|state.S_TX_LEN_LO          ; Stuck at GND due to stuck port data_in                   ;
; sdram:u_sdram|delay_state_q.STATE_DELAY       ; Stuck at GND due to stuck port data_in                   ;
; dm9000_core:u_core|state.S_TX_LEN_HI          ; Stuck at GND due to stuck port data_in                   ;
; dm9000_core:u_core|state.S_TX_PUSH            ; Stuck at GND due to stuck port data_in                   ;
; dm9000_core:u_core|state.S_TX_KICK            ; Stuck at GND due to stuck port data_in                   ;
; dm9000_core:u_core|state.S_TX_WAIT            ; Stuck at GND due to stuck port data_in                   ;
; eth_to_sdram_bridge:u_bridge|state.S_WB_WRITE ; Merged with eth_to_sdram_bridge:u_bridge|wb_stb_o        ;
; dm9000_core:u_core|bus_req_wdata[10]          ; Stuck at GND due to stuck port data_in                   ;
; dm9000_bus_if:u_bus|wdata_latched[10]         ; Stuck at GND due to stuck port data_in                   ;
; dm9000_bus_if:u_bus|data_out[10]              ; Stuck at GND due to stuck port data_in                   ;
; Total Number of Removed Registers = 96        ;                                                          ;
+-----------------------------------------------+----------------------------------------------------------+


+-------------------------------------------------------------------------------------------------------------------------------------------------+
; Removed Registers Triggering Further Register Optimizations                                                                                     ;
+--------------------------------------+---------------------------+------------------------------------------------------------------------------+
; Register name                        ; Reason for Removal        ; Registers Removed due to This Register                                       ;
+--------------------------------------+---------------------------+------------------------------------------------------------------------------+
; dm9000_core:u_core|state.S_TX_LEN_LO ; Stuck at GND              ; dm9000_core:u_core|state.S_TX_LEN_HI, dm9000_core:u_core|state.S_TX_PUSH,    ;
;                                      ; due to stuck port data_in ; dm9000_core:u_core|state.S_TX_KICK, dm9000_core:u_core|state.S_TX_WAIT       ;
; dm9000_core:u_core|tx_words_left[15] ; Stuck at GND              ; dm9000_core:u_core|bus_req_wdata[10], dm9000_bus_if:u_bus|wdata_latched[10], ;
;                                      ; due to stuck port data_in ; dm9000_bus_if:u_bus|data_out[10]                                             ;
+--------------------------------------+---------------------------+------------------------------------------------------------------------------+


+------------------------------------------------------+
; General Register Statistics                          ;
+----------------------------------------------+-------+
; Statistic                                    ; Value ;
+----------------------------------------------+-------+
; Total registers                              ; 450   ;
; Number of registers using Synchronous Clear  ; 30    ;
; Number of registers using Synchronous Load   ; 23    ;
; Number of registers using Asynchronous Clear ; 450   ;
; Number of registers using Asynchronous Load  ; 0     ;
; Number of registers using Clock Enable       ; 294   ;
; Number of registers using Preset             ; 0     ;
+----------------------------------------------+-------+


+---------------------------------------------------+
; Inverted Register Statistics                      ;
+-----------------------------------------+---------+
; Inverted Register                       ; Fan out ;
+-----------------------------------------+---------+
; dm9000_bus_if:u_bus|ENET_CS_N           ; 2       ;
; dm9000_bus_if:u_bus|ENET_RD_N           ; 2       ;
; dm9000_bus_if:u_bus|ENET_WR_N           ; 2       ;
; sdram:u_sdram|command_q[1]              ; 2       ;
; sdram:u_sdram|command_q[2]              ; 2       ;
; sdram:u_sdram|command_q[0]              ; 2       ;
; sdram:u_sdram|refresh_timer_q[3]        ; 7       ;
; sdram:u_sdram|refresh_timer_q[5]        ; 7       ;
; sdram:u_sdram|refresh_timer_q[12]       ; 2       ;
; sdram:u_sdram|refresh_timer_q[9]        ; 2       ;
; sdram:u_sdram|refresh_timer_q[8]        ; 2       ;
; sdram:u_sdram|refresh_timer_q[7]        ; 2       ;
; sdram:u_sdram|refresh_timer_q[6]        ; 2       ;
; sdram:u_sdram|refresh_timer_q[2]        ; 4       ;
; sdram:u_sdram|data_rd_en_q              ; 17      ;
; Total number of inverted registers = 15 ;         ;
+-----------------------------------------+---------+


+-----------------------------------------------------------------------------------------------------------------------------------------------------------------------------+
; Multiplexer Restructuring Statistics (Restructuring Performed)                                                                                                              ;
+--------------------+-----------+---------------+----------------------+------------------------+------------+---------------------------------------------------------------+
; Multiplexer Inputs ; Bus Width ; Baseline Area ; Area if Restructured ; Saving if Restructured ; Registered ; Example Multiplexer Output                                    ;
+--------------------+-----------+---------------+----------------------+------------------------+------------+---------------------------------------------------------------+
; 3:1                ; 16 bits   ; 32 LEs        ; 0 LEs                ; 32 LEs                 ; Yes        ; |de2_dm9000_top|dm9000_core:u_core|rx_words_left[2]           ;
; 3:1                ; 16 bits   ; 32 LEs        ; 16 LEs               ; 16 LEs                 ; Yes        ; |de2_dm9000_top|sdram:u_sdram|data_buffer_q[9]                ;
; 5:1                ; 39 bits   ; 117 LEs       ; 39 LEs               ; 78 LEs                 ; Yes        ; |de2_dm9000_top|eth_to_sdram_bridge:u_bridge|wb_addr_o[3]     ;
; 5:1                ; 16 bits   ; 48 LEs        ; 32 LEs               ; 16 LEs                 ; Yes        ; |de2_dm9000_top|eth_to_sdram_bridge:u_bridge|wb_data_o[31]    ;
; 7:1                ; 30 bits   ; 120 LEs       ; 30 LEs               ; 90 LEs                 ; Yes        ; |de2_dm9000_top|eth_to_sdram_bridge:u_bridge|next_wb_addr[12] ;
; 8:1                ; 2 bits    ; 10 LEs        ; 2 LEs                ; 8 LEs                  ; Yes        ; |de2_dm9000_top|sdram:u_sdram|addr_q[11]                      ;
; 8:1                ; 7 bits    ; 35 LEs        ; 14 LEs               ; 21 LEs                 ; Yes        ; |de2_dm9000_top|sdram:u_sdram|addr_q[6]                       ;
; 10:1               ; 2 bits    ; 12 LEs        ; 2 LEs                ; 10 LEs                 ; Yes        ; |de2_dm9000_top|sdram:u_sdram|bank_q[1]                       ;
; 3:1                ; 16 bits   ; 32 LEs        ; 32 LEs               ; 0 LEs                  ; Yes        ; |de2_dm9000_top|sdram:u_sdram|data_q[3]                       ;
; 4:1                ; 7 bits    ; 14 LEs        ; 14 LEs               ; 0 LEs                  ; Yes        ; |de2_dm9000_top|dm9000_bus_if:u_bus|data_out[0]               ;
; 4:1                ; 14 bits   ; 28 LEs        ; 28 LEs               ; 0 LEs                  ; No         ; |de2_dm9000_top|sdram:u_sdram|Mux1                            ;
; 3:1                ; 2 bits    ; 4 LEs         ; 4 LEs                ; 0 LEs                  ; No         ; |de2_dm9000_top|sdram:u_sdram|command_q                       ;
; 5:1                ; 2 bits    ; 6 LEs         ; 4 LEs                ; 2 LEs                  ; No         ; |de2_dm9000_top|sdram:u_sdram|target_state_r.STATE_IDLE       ;
; 5:1                ; 2 bits    ; 6 LEs         ; 4 LEs                ; 2 LEs                  ; No         ; |de2_dm9000_top|sdram:u_sdram|target_state_r.STATE_WRITE0     ;
; 6:1                ; 2 bits    ; 8 LEs         ; 4 LEs                ; 4 LEs                  ; No         ; |de2_dm9000_top|dm9000_bus_if:u_bus|Selector8                 ;
; 7:1                ; 2 bits    ; 8 LEs         ; 4 LEs                ; 4 LEs                  ; No         ; |de2_dm9000_top|sdram:u_sdram|Selector0                       ;
; 9:1                ; 4 bits    ; 24 LEs        ; 8 LEs                ; 16 LEs                 ; No         ; |de2_dm9000_top|dm9000_core:u_core|Selector38                 ;
+--------------------+-----------+---------------+----------------------+------------------------+------------+---------------------------------------------------------------+


+------------------------------------------------------------+
; Parameter Settings for User Entity Instance: sdram:u_sdram ;
+----------------------+--------+----------------------------+
; Parameter Name       ; Value  ; Type                       ;
+----------------------+--------+----------------------------+
; SDRAM_MHZ            ; 50     ; Signed Integer             ;
; SDRAM_ADDR_W         ; 24     ; Signed Integer             ;
; SDRAM_COL_W          ; 9      ; Signed Integer             ;
; SDRAM_BANK_W         ; 2      ; Signed Integer             ;
; SDRAM_DQM_W          ; 2      ; Signed Integer             ;
; SDRAM_BANKS          ; 4      ; Signed Integer             ;
; SDRAM_ROW_W          ; 13     ; Signed Integer             ;
; SDRAM_REFRESH_CNT    ; 8192   ; Signed Integer             ;
; SDRAM_START_DELAY    ; 5000   ; Signed Integer             ;
; SDRAM_REFRESH_CYCLES ; 389    ; Signed Integer             ;
; SDRAM_READ_LATENCY   ; 2      ; Signed Integer             ;
; SDRAM_TARGET         ; ALTERA ; String                     ;
+----------------------+--------+----------------------------+
Note: In order to hide this table in the UI and the text report file, please set the "Show Parameter Settings in Synthesis Report" option in "Analysis and Synthesis Settings -> More Settings" to "Off".


+----------------------------------------------------------------------------------------------------------------------------+
; Port Connectivity Checks: "sdram:u_sdram"                                                                                  ;
+------------------+--------+----------+-------------------------------------------------------------------------------------+
; Port             ; Type   ; Severity ; Details                                                                             ;
+------------------+--------+----------+-------------------------------------------------------------------------------------+
; data_o           ; Output ; Info     ; Connected to dangling logic. Logic that only feeds a dangling port will be removed. ;
; sdram_addr_o[12] ; Output ; Info     ; Connected to dangling logic. Logic that only feeds a dangling port will be removed. ;
+------------------+--------+----------+-------------------------------------------------------------------------------------+


+---------------------------------------------------------------------------------------------------------------------------+
; Port Connectivity Checks: "dm9000_core:u_core"                                                                            ;
+-----------------+--------+----------+-------------------------------------------------------------------------------------+
; Port            ; Type   ; Severity ; Details                                                                             ;
+-----------------+--------+----------+-------------------------------------------------------------------------------------+
; tx_start        ; Input  ; Info     ; Stuck at GND                                                                        ;
; tx_length_bytes ; Input  ; Info     ; Stuck at GND                                                                        ;
; tx_data         ; Input  ; Info     ; Stuck at GND                                                                        ;
; tx_data_valid   ; Input  ; Info     ; Stuck at GND                                                                        ;
; tx_data_ready   ; Output ; Info     ; Connected to dangling logic. Logic that only feeds a dangling port will be removed. ;
; tx_busy         ; Output ; Info     ; Connected to dangling logic. Logic that only feeds a dangling port will be removed. ;
; tx_done         ; Output ; Info     ; Connected to dangling logic. Logic that only feeds a dangling port will be removed. ;
; rx_length_bytes ; Output ; Info     ; Connected to dangling logic. Logic that only feeds a dangling port will be removed. ;
; chip_vid[14..0] ; Output ; Info     ; Connected to dangling logic. Logic that only feeds a dangling port will be removed. ;
; chip_pid        ; Output ; Info     ; Connected to dangling logic. Logic that only feeds a dangling port will be removed. ;
+-----------------+--------+----------+-------------------------------------------------------------------------------------+


+-------------------------------+
; Elapsed Time Per Partition    ;
+----------------+--------------+
; Partition Name ; Elapsed Time ;
+----------------+--------------+
; Top            ; 00:00:00     ;
+----------------+--------------+


+-------------------------------+
; Analysis & Synthesis Messages ;
+-------------------------------+
Info: *******************************************************************
Info: Running Quartus II 64-Bit Analysis & Synthesis
    Info: Version 13.0.1 Build 232 06/12/2013 Service Pack 1 SJ Web Edition
    Info: Processing started: Fri Apr 03 15:49:53 2026
Info: Command: quartus_map --read_settings_files=on --write_settings_files=off Do_An -c Do_An
Warning (20028): Parallel compilation is not licensed and has been disabled
Info (12021): Found 1 design units, including 1 entities, in source file vga_timing_640x480.v
    Info (12023): Found entity 1: vga_timing_640x480
Info (12021): Found 1 design units, including 1 entities, in source file top_sdram_vga_framebuffer_tb.v
    Info (12023): Found entity 1: top_sdram_vga_framebuffer_tb
Info (12021): Found 1 design units, including 1 entities, in source file top_sdram_vga_framebuffer.v
    Info (12023): Found entity 1: top_sdram_vga_framebuffer
Warning (10229): Verilog HDL Expression warning at sdram_controller_full.v(144): truncated literal to match 3 bits
Info (12021): Found 1 design units, including 1 entities, in source file sdram_controller_full.v
    Info (12023): Found entity 1: sdram_controller_full
Info (12021): Found 1 design units, including 1 entities, in source file async_fifo_16x2048.v
    Info (12023): Found entity 1: async_fifo_16x2048
Info (12021): Found 1 design units, including 1 entities, in source file eth_to_sdram_bridge.v
    Info (12023): Found entity 1: eth_to_sdram_bridge
Info (12021): Found 1 design units, including 1 entities, in source file dm9000_core.v
    Info (12023): Found entity 1: dm9000_core
Info (12021): Found 1 design units, including 1 entities, in source file dm9000_bus_if.v
    Info (12023): Found entity 1: dm9000_bus_if
Info (12021): Found 1 design units, including 1 entities, in source file de2_dm9000_top.v
    Info (12023): Found entity 1: de2_dm9000_top
Info (12127): Elaborating entity "de2_dm9000_top" for the top level hierarchy
Warning (10036): Verilog HDL or VHDL warning at de2_dm9000_top.v(31): object "clk" assigned a value but never read
Info (12128): Elaborating entity "dm9000_bus_if" for hierarchy "dm9000_bus_if:u_bus"
Info (12128): Elaborating entity "dm9000_core" for hierarchy "dm9000_core:u_core"
Info (12128): Elaborating entity "eth_to_sdram_bridge" for hierarchy "eth_to_sdram_bridge:u_bridge"
Warning (10036): Verilog HDL or VHDL warning at eth_to_sdram_bridge.v(35): object "rx_crc32" assigned a value but never read
Warning (12125): Using design file sdram.v, which is not specified as a design file for the current project, but contains definitions for 1 design units and 1 entities in project
    Info (12023): Found entity 1: sdram
Info (12128): Elaborating entity "sdram" for hierarchy "sdram:u_sdram"
Warning (10230): Verilog HDL assignment warning at sdram.v(327): truncated value with size 32 to match size of target (4)
Warning (10230): Verilog HDL assignment warning at sdram.v(334): truncated value with size 32 to match size of target (4)
Warning (10230): Verilog HDL assignment warning at sdram.v(350): truncated value with size 32 to match size of target (4)
Warning (10230): Verilog HDL assignment warning at sdram.v(358): truncated value with size 32 to match size of target (4)
Info (10264): Verilog HDL Case Statement information at sdram.v(320): all case item expressions in this case statement are onehot
Warning (10230): Verilog HDL assignment warning at sdram.v(418): truncated value with size 32 to match size of target (17)
Warning (10230): Verilog HDL assignment warning at sdram.v(420): truncated value with size 32 to match size of target (17)
Warning (10230): Verilog HDL assignment warning at sdram.v(422): truncated value with size 32 to match size of target (17)
Info (10264): Verilog HDL Case Statement information at sdram.v(474): all case item expressions in this case statement are onehot
Warning (10240): Verilog HDL Always Construct warning at sdram.v(455): inferring latch(es) for variable "idx", which holds its previous value in one or more paths through the always construct
Info (13000): Registers with preset signals will power-up high
Info (13003): DEV_CLRn pin will set, and not reset, register with preset signal due to NOT Gate Push-Back
Warning (13024): Output pins are stuck at VCC or GND
    Warning (13410): Pin "DRAM_CS_N" is stuck at GND
Info (17049): 26 registers lost all their fanouts during netlist optimizations.
Info (144001): Generated suppressed messages file D:/MonHoc_HK6/CE213/Do_An/output_files/Do_An.map.smsg
Info (16010): Generating hard_block partition "hard_block:auto_generated_inst"
    Info (16011): Adding 0 node(s), including 0 DDIO, 0 PLL, 0 transceiver and 0 LCELL
Warning (21074): Design contains 3 input pin(s) that do not drive logic
    Warning (15610): No output dependent on input pin "KEY[1]"
    Warning (15610): No output dependent on input pin "KEY[2]"
    Warning (15610): No output dependent on input pin "KEY[3]"
Info (21057): Implemented 762 device resources after synthesis - the final resource count might be different
    Info (21058): Implemented 6 input pins
    Info (21059): Implemented 37 output pins
    Info (21060): Implemented 32 bidirectional pins
    Info (21061): Implemented 687 logic cells
Info: Quartus II 64-Bit Analysis & Synthesis was successful. 0 errors, 19 warnings
    Info: Peak virtual memory: 4628 megabytes
    Info: Processing ended: Fri Apr 03 15:49:55 2026
    Info: Elapsed time: 00:00:02
    Info: Total CPU time (on all processors): 00:00:01


+------------------------------------------+
; Analysis & Synthesis Suppressed Messages ;
+------------------------------------------+
The suppressed messages can be found in D:/MonHoc_HK6/CE213/Do_An/output_files/Do_An.map.smsg.


